25-03-2026 (Wednesday)

1. Assert and Screenshot: assertion error

27-03-2026 (Friday)

1. To run: pytest <file-name>
2. Pytest is a unit testing framework, the rules for:
        - File should start with test_
        - Function name or method name should also start with test_
        - Class name should start with Test_
   When we follow these rules, pytest will automatically recognize the files,
   functions and classes following the rules so without giving function call we can execute a test function
   and without creating a object we can execute a test class
   -v stands for verbocity: it gives detailed description/explanation of the code
   -s stands for scripting: it will capture all the print statements (pytest captures all output (like print() statements) and only shows it when a test fails)
   * pytest cannot recognize the function which doesn't follow the rule
   * In case of test classes, we need not create object and call the functions, if we do so execution will happen twice

01-04-2026

1. Custom markers using decorators (@pytest.mark.regression)
   pytest TestAssert.py -m regression
